2026-09-28 11:03:05 INFO     No device provided, using cuda:0
2026-09-28 11:03:05 INFO     No modules.json found for sentence-transformers/all-MiniLM-L6-v2, initializing a new SentenceTransformer model.
2026-09-28 11:03:06 WARNING  Factors ['inv'] had ~zero variance across 100 reference-split examples; refitting their scale from a 100-example sample of the validation split instead.
{
  "conformal_threshold": 314.4357604980469,
  "alpha": 0.1,
  "n_calib": 200,
  "energy_normalizer": {
    "means": {
      "inv": 0.4002153770327563,
      "ev": -0.07657853927463294,
      "cl": 0.6575255765020848,
      "geo": 489.9895251197166
    },
    "stds": {
      "inv": 0.16840551640643966,
      "ev": 0.11481793479674411,
      "cl": 2.19729184297397,
      "geo": 1996.7019613432262
    },
    "degenerate_keys": []
  },
  "per_factor_auroc": {
    "inv": 0.6953333333333332,
    "ev": 0.5873333333333333,
    "cl": 0.5294,
    "geo": 0.43433333333333335
  },
  "fusion_model": "residual_mlp",
  "mlp_hidden_dim": 16,
  "mlp_num_params": 102,
  "final_nce_loss": 0.42020946741104126,
  "best_monitor_composite_auroc": 0.6958666666666667,
  "linear_component_weights": [
    0.4902084171772003,
    0.055117812007665634,
    -0.37039846181869507,
    0.25592124462127686
  ],
  "linear_component_bias": 0.004589078947901726,
  "composite_auroc_learned": 0.6958666666666667,
  "composite_auroc_equal_weights": 0.6701333333333332
}
