2026-09-23 10:16:57 INFO     No device provided, using cuda:0
2026-09-23 10:16:57 INFO     No modules.json found for sentence-transformers/all-MiniLM-L6-v2, initializing a new SentenceTransformer model.
{
  "conformal_threshold": 20.25136947631836,
  "alpha": 0.1,
  "n_calib": 200,
  "energy_normalizer": {
    "means": {
      "inv": 0.0,
      "ev": -0.07513592735081912,
      "cl": 4.018243790864944,
      "geo": -39.914228482636084
    },
    "stds": {
      "inv": 1.0,
      "ev": 0.10942564130125347,
      "cl": 10.871282107143353,
      "geo": 57.25718184543411
    }
  },
  "per_factor_auroc": {
    "inv": 0.7233347239605062,
    "ev": 0.5935196773744958,
    "cl": 0.540814907523293,
    "geo": 0.43916006118759554
  },
  "learned_weights": [
    0.12758685648441315,
    -0.017422650009393692,
    0.22363418340682983,
    0.010645980015397072
  ],
  "learned_bias": 9.24914900224394e-09,
  "composite_auroc_learned": 0.6430955360867752,
  "composite_auroc_equal_weights": 0.6339173967459325
}
