2026-09-28 11:50:05 INFO     No device provided, using cuda:0
2026-09-28 11:50:05 INFO     No modules.json found for sentence-transformers/all-MiniLM-L6-v2, initializing a new SentenceTransformer model.
2026-09-28 11:50:06 WARNING  Factors ['inv'] had ~zero variance across 100 reference-split examples; refitting their scale from a 100-example sample of the validation split instead.
{
  "conformal_threshold": 314.4357604980469,
  "alpha": 0.1,
  "n_calib": 200,
  "energy_normalizer": {
    "means": {
      "inv": 0.4002153770327563,
      "ev": -0.07657853927463294,
      "cl": 0.6575255765020848,
      "geo": 489.9895251197166
    },
    "stds": {
      "inv": 0.16840551640643966,
      "ev": 0.11481793479674411,
      "cl": 2.19729184297397,
      "geo": 1996.7019613432262
    },
    "degenerate_keys": []
  },
  "per_factor_auroc": {
    "inv": 0.6953333333333332,
    "ev": 0.5873333333333333,
    "cl": 0.5294,
    "geo": 0.43433333333333335
  },
  "per_factor_auroc_ci": {
    "inv": {
      "point": 0.6953333333333332,
      "ci_low": 0.5972178270042194,
      "ci_high": 0.7812960528469255,
      "std": 0.047068108400107174,
      "n_bootstrap_valid": 1000
    },
    "ev": {
      "point": 0.5873333333333333,
      "ci_low": 0.5114537901130177,
      "ci_high": 0.6640658849151977,
      "std": 0.03921506917789535,
      "n_bootstrap_valid": 1000
    },
    "cl": {
      "point": 0.5294,
      "ci_low": 0.44198423219157135,
      "ci_high": 0.6170201554350402,
      "std": 0.04426733149413117,
      "n_bootstrap_valid": 1000
    },
    "geo": {
      "point": 0.43433333333333335,
      "ci_low": 0.36604972602739727,
      "ci_high": 0.503135159234893,
      "std": 0.03539976202146456,
      "n_bootstrap_valid": 1000
    }
  },
  "fusion_model": "residual_mlp",
  "mlp_hidden_dim": 16,
  "mlp_num_params": 102,
  "final_nce_loss": 0.4254038333892822,
  "best_monitor_composite_auroc": 0.6841333333333335,
  "linear_component_weights": [
    0.648030161857605,
    0.36167457699775696,
    0.13762247562408447,
    0.23080509901046753
  ],
  "linear_component_bias": -0.0009068256476894021,
  "composite_auroc_learned": 0.6841333333333335,
  "composite_auroc_equal_weights": 0.6701333333333332,
  "composite_auroc_learned_ci": {
    "point": 0.6841333333333335,
    "ci_low": 0.5866427739059776,
    "ci_high": 0.7677364285714287,
    "std": 0.04774499105022241,
    "n_bootstrap_valid": 1000
  },
  "composite_auroc_equal_weights_ci": {
    "point": 0.6701333333333332,
    "ci_low": 0.5817720477146926,
    "ci_high": 0.7558487173705433,
    "std": 0.0442738492247455,
    "n_bootstrap_valid": 1000
  },
  "composite_vs_best_factor": {
    "best_factor": "inv",
    "point": -0.011199999999999766,
    "ci_low": -0.04535278938079104,
    "ci_high": 0.02481012210118365,
    "significant": false,
    "n_bootstrap_valid": 1000
  },
  "composite_vs_equal_weights": {
    "point": 0.014000000000000234,
    "ci_low": -0.07319500180281352,
    "ci_high": 0.09526127796953604,
    "significant": false,
    "n_bootstrap_valid": 1000
  }
}
